مقررات جدول الإطار المنهجي: 31 — منها يمسح: 20
لافتات الفصول المقروءة: [1, 2, 3, 4, 5]
المقررات المكتوبة: 21 (منها 19 بوصف تفصيلي)

code       name                               crh   L   P   T cth  unit   sum  decl   th sfty  sec
يمسح-111   المساحة الأرضية (1)                  3   2   2   0   4     7    72    78   35  342    5
يمسح-121   الرسم المساحي                        1   0   2   0   2     5    32    32   17  342    1
يمسح-131   الحساب المساحي (1)                   3   2   2   0   4     6    64    64   25  342    2
يمسح-101   الأمن والسلامة                       1   1   0   0   1     3    16    16   37  139    2
يمسح-112   المساحة الأرضية (2)                  3   2   2   0   4     7    64    64   34  342    2
يمسح-122   الرسم المساحي بالحاسب (1)            1   0   2   0   2     4    32    32   19  342    1
يمسح-132   الحساب المساحي (2)                   3   2   2   0   4     3    64    64   14  342    2
يمسح-141   نظم الملاحة العالمية بالأقمار الصناعية   3   2   2   0   4     7    64    64   33  342    2
يمسح-213   المساحة الأرضية (3)                  4   2   4   0   6     5    96    96   25  342    2
يمسح-223   الرسم المساحي بالحاسب (2)            1   0   2   0   2     4    32    32   19  139    1
يمسح-251   المساحة التصويرية                    2   1   2   0   3     7    48    48   20  342    2
يمسح-242   نظم المعلومات الجغرافية              2   1   2   0   3     8    48    48   33  342    2
يمسح-261   معايرة الأجهزة المساحية              2   1   2   0   3     7    48    48   16  342    2
يمسح-214   المساحة الأرضية (4)                  4   2   4   0   6     5    96    96   22  342    2
يمسح-252   المساحة الإنشائية                    2   1   2   0   3     5    48    48   34  399    2
يمسح-253   المساحة العقارية                     2   1   2   0   3     4    48    48   13  478    2
يمسح-271   الإدارة للمساحين                     1   1   0   0   1     4    16    16   20  139    1
يمسح-272   الجودة في البيانات والأعمال المساحية   1   1   0   0   1     5    16    16   28  139    1
يمسح-281   المشروع                              3   1   4   1   6     1    96    96   11  478    2
رياد-282   ريادة الاعمال في مجال الهندسة المدنية   2   1   2   0   3     0     0  None    0    0    6
يمسح-299   التدريب التعاوني                     2 None None None None     0     0  None    0    0    2

مقارنة مع SS01: مقررات يمسح في الخطة 20 — في التقرير 20 (38 شعبة)
  له شعب ولا وجود له في الخطة: رياد-101 (أساسيات ريادة الأعمال)
  له شعب ولا وجود له في الخطة: رياد-222 (ريادة اعمال الالكترونيات)
  له شعب ولا وجود له في الخطة: رياد-226 (ريادة الاعمال في مجال الطاقة)
  له شعب ولا وجود له في الخطة: رياد-232 (ريادة الاعمال في مجال المركبات)
  له شعب ولا وجود له في الخطة: رياد-234 (ريادة الاعمال في مجال الميكاني)
  له شعب ولا وجود له في الخطة: رياد-284 (ريادة الاعمال في مجال الهندسة)

ملاحظات (5):
  - يمسح-111: مجموع ساعات الوحدات 72 ولا يساوي س.أ×16 = 64
  - يمسح-111: «المجموع» المعلن 78 ومجموع الوحدات 72
  - يمسح-141: الاسم في جدول الإطار «نظم الملاحة العالمية بالأقمار الصناعية» وفي صدر القسم «نظم الملاحة العالمية بالاقمار الصناعية (GNSS)»
  - رياد-282: في جدول الإطار المنهجي ولا وصف تفصيلي له في الخطة
  - يمسح-299: في جدول الإطار المنهجي ولا وصف تفصيلي له في الخطة
