خطة القوى: 23 مقرراً (21 بوصف تفصيلي) — خطة الآلات: 21 (19)
سجلات المخرَج: 31 — المشترك بالرمز 13 (متطابق 8، مختلف 5)

code       name                                   crh   L   P   T cth unit  sum  top saf sec plans
كهرب-101   الرسم الفني الكهربائي                    1   0   2   0   2    7   32   38   3   5 قوى+آلات
كهرب-102   السلامة الصناعية                         1   1   0   0   1    7   16   64   3   2 قوى+آلات
كهرب-111   ورشة أساسيات الكهرباء                    2   0   4   0   4    6   64   55   3   8 قوى+آلات  ⚠
كهرب-121   دوائر كهربائية (1)                       2   2   0   0   2    6   32   47   3   3 قوى+آلات
كهرآ-254   ورشة التركيبات الصناعية الخاصة           3   0   6   0   6    2   96   17   5   2 آلات
كهرب-122   دوائر كهربائية (2)                       2   2   0   0   2    2   32   43   3   2 قوى+آلات
كهرب-123   أجهزة وقياسات كهربائية                   1   0   2   0   2    7   32   39   3   7 قوى+آلات  ⚠
كهرب-131   آلات التيار المستمر والمحولات            3   2   2   0   4    8   64   65   3  11 قوى+آلات  ⚠
كهرب-141   تقنية التحكم المبرمج                     3   2   2   0   4    7   64   33   3   9 قوى+آلات  ⚠
كهرق-151   ورشة التركيبات المنزلية                  2   0   4   0   4   10   64   76   3   6 قوى
رياد-226   ريادة الاعمال في مجال الطاقة             2   1   2   0   3    0    0    0   0   8 قوى+آلات
كهرآ-271   ورشة لف وصيانة المحركات الحثية ثلاثية الاوجه   2   0   4   0   4    2   64   12   5   2 آلات
كهرب-224   الكترونيات القدرة                        3   2   2   0   4    6   64   27   3   7 قوى+آلات
كهرب-232   آلات التيار المتردد                      3   2   2   0   4    5   64   60   3   7 قوى+آلات
كهرق-252   ورشة التركيبات الصناعية                  2   0   4   0   4    8   64  110   3   4 قوى
كهرق-253   ورشة التركيبات الخاصة والوقاية           2   0   4   0   4    4   64   37   3   4 قوى
كهرق-261   تقنية التوزيع الكهربائي                  2   2   0   1   3   10   48   46   3   4 قوى
كهرآ-234   الآلات الكهربائية الصغيرة                1   1   0   1   2    5   32   21   5   1 آلات
كهرآ-242   التحكم الالكتروني في الالات              2   1   2   1   4    5   64   15   5   2 آلات
كهرآ-245   التحريك الكهربائي                        1   1   0   1   2    7   32   24   5   1 آلات
كهرآ-266   محطات التوليد وطرق الحماية               3   2   2   0   4    7   64   53   5   2 آلات
كهرآ-272   ورشة لف وإصلاح الآلات احادية الوجه والوقاية   2   0   4   0   4    5   64   47   5   1 آلات
كهرب-242   تقنية التحكم الآلي                       3   2   2   0   4    5   64   23   3   6 قوى+آلات  ⚠
كهرب-244   ورشة التحكم في المحركات كهربائية         2   0   4   0   4    3   64    7   3   4 قوى+آلات
كهرق-233   مختبر القوى الكهربائية                   1   0   2   0   2    4   32   13   3   2 قوى
كهرق-262   شبكات النقل الكهربائي                    1   1   0   1   2    4   32   30   3   2 قوى
كهرق-263   صيانة نظم القوى                          1   1   0   1   2    6   32   19   3   2 قوى
كهرق-264   التوليد ومحطات التحويل الرئيسية          1   1   0   1   2    4   32   37   3   2 قوى
كهرق-265   حماية النظم الكهربائية                   3   2   2   0   4    6   64   58   3   4 قوى
كهرآ-299   التدريب التعاوني                         2 None None None None    0    0    0   0   1 آلات
كهرق-299   التدريب التعاوني                         2 None None None None    0    0    0   0   1 قوى

مقارنة رايات: مشترك 31 — في الخطة بلا شعبة 0 — له شعبة بلا خطة 6
  له شعب ولا وجود له في الخطة: رياد-101 (أساسيات ريادة الأعمال)
  له شعب ولا وجود له في الخطة: رياد-222 (ريادة اعمال الالكترونيات)
  له شعب ولا وجود له في الخطة: رياد-232 (ريادة الاعمال في مجال المركبات)
  له شعب ولا وجود له في الخطة: رياد-234 (ريادة الاعمال في مجال الميكاني)
  له شعب ولا وجود له في الخطة: رياد-282 (ريادة الاعمال في مجال الهندسة)
  له شعب ولا وجود له في الخطة: رياد-284 (ريادة الاعمال في مجال الهندسة)

تعارضات كهرب (5 من 13 مشترك):
  - كهرب-111   مواضيع المنهج التفصيلي
  - كهرب-123   مواضيع المنهج التفصيلي
  - كهرب-131   مواضيع المنهج التفصيلي
  - كهرب-141   الوحدات وساعاتها، مواضيع المنهج التفصيلي
  - كهرب-242   الفصل

ملاحظات خطة تقنية القوى الكهربائية (6):
  - كهرب-102: كتل المنهج التفصيلي (7 كتلة، مجموع ساعاتها 17) لا تنطبق على جدول الوحدات (7 وحدة، 16 ساعة)
  - كهرب-123: كتل المنهج التفصيلي (7 كتلة، مجموع ساعاتها 29) لا تنطبق على جدول الوحدات (7 وحدة، 32 ساعة)
  - كهرق-265: كتل المنهج التفصيلي (18 كتلة، مجموع ساعاتها 64) لا تنطبق على جدول الوحدات (6 وحدة، 64 ساعة)
  - كهرق-151: كتل المنهج التفصيلي (9 كتلة، مجموع ساعاتها 58) لا تنطبق على جدول الوحدات (10 وحدة، 64 ساعة)
  - رياد-226: في جدول الإطار المنهجي ولا وصف تفصيلي له في الخطة
  - كهرق-299: في جدول الإطار المنهجي ولا وصف تفصيلي له في الخطة

ملاحظات خطة تقنية الآلات الكهربائية (5):
  - كهرب-102: كتل المنهج التفصيلي (7 كتلة، مجموع ساعاتها 17) لا تنطبق على جدول الوحدات (7 وحدة، 16 ساعة)
  - كهرب-141: مجموع ساعات الوحدات 62 ولا يساوي س.أ×16 = 64
  - كهرآ-245: كتل المنهج التفصيلي (7 كتلة، مجموع ساعاتها 28) لا تنطبق على جدول الوحدات (7 وحدة، 32 ساعة)
  - رياد-226: في جدول الإطار المنهجي ولا وصف تفصيلي له في الخطة
  - كهرآ-299: في جدول الإطار المنهجي ولا وصف تفصيلي له في الخطة
